Thread spaceID 1 Exiting with value 0
No threads ready or runnable, and no pending interrupts.
Assuming the program completed.
Machine halting!

Ticks: total 4282241, idle 0, system 275330, user 4006911
Disk I/O: reads 0, writes 0
Console I/O: reads 0, writes 0
Paging: faults 6881, in 3755, out 3348
Network I/O: packets received 0, sent 0
Physical memory size: 32 pages

Cleaning up...
