Thread spaceID 1 Exiting with value 0
No threads ready or runnable, and no pending interrupts.
Assuming the program completed.
Machine halting!

Ticks: total 13598891, idle 0, system 4486690, user 9112201
Disk I/O: reads 0, writes 0
Console I/O: reads 0, writes 0
Paging: faults 112165, in 111851, out 98298
Network I/O: packets received 0, sent 0
Physical memory size: 32 pages

Cleaning up...
